22#2223133#3334144#4445155#5556166#66671778#8818889#9910#00211