002#2212223#3313334#4414445#5515556#66166677#77718#88#888199#999011