99#99901002#2212223#3313334#4414445#55155566#66617#77#777188#888911