555996644487331166888999665556880005111#11133388677787771117775557700