196615544422866699#9366239988227555339992259#9991112228881500#00776883388666114114#4440009997660002274390002223336650088744411996668887#744411#17799955511668866111779966999009949922666#6677#777#7744#4441008899