2 10
10 2
10 4
2 110
10 6
2 1001
10 9
10 10
2 1101
2 1110
