2 1
5 10
10 6
7 11
6 21
10 19
5 42
8 32
10 28
5 113
