10 1
17 4
32 B
25 D
2 11000
28 19
6 112
19 29
24 21
35 1E
