16 5
5 11
4 20
12 8
5 22
34 F
10 18
9 21
31 J
3 211
9 28
29 R
33 11
14 2B
25 1E
30 1F
23 20
20 2A
22 2H
26 2B
35 23
20 3F
36 26
21 40
14 61
12 72
4 1120
2 1011001
20 4F
30 35
