27 4
22 5
29 5
14 11
4 133
29 1B
2 101111
15 37
35 1U
34 1W
10 75
27 2Q
16 5E
26 3M
34 3C
20 5F
20 5H
10 118
32 3R
14 AC
35 4G
21 7F
16 A5
27 68
6 444
35 5T
16 CF
30 71
7 511
19 E7
27 AB
12 204
2 100111010
12 230
12 23A
9 413
11 296
26 DE
15 1A8
10 385
6 1442
15 1AC
13 241
29 DE
8 617
9 486
15 1C9
28 F9
22 K3
22 L2
10 481
35 EG
31 GI
12 36B
29 IE
32 H1
21 151
26 L1
31 I0
28 K3
36 FP
11 477
3 210002
16 241
11 490
26 N7
19 1E3
19 1E3
25 10B
10 640
33 JU
34 JK
11 572
18 221
3 222102
13 436
2 1011011101
13 455
12 524
7 2130
16 2F4
18 26B
29 R1
3 1002021
10 812
10 816
5 11240
24 1A4
31 QH
5 11322
36 N9
10 847
15 3CD
5 12140
9 1258
23 1I6
10 959
24 1GD
4 33121
27 1A1
