20 5000
24 5IL8
20 HA00
27 D5HH
20 21500
25 14B00
15 B0DD5
11 3938A7
19 4E78B
10 870000
4 10120300300
24 3B4CG
14 22D960
2 100110110000011110000
15 200585
10 1640000
32 1I1I0
19 F0E6H
8 7551240
34 1HM1U
23 79LLI
2 1000000011001000110000
23 7D5CL
33 1QR9H
22 CEK80
31 37BAJ
22 D26LA
18 1CFA00
15 442E6A
29 4PP4A
7 41515040
16 35DD10
30 4F5GK
5 1414420000
18 207024
31 46HQR
15 5296A0
34 30QRI
25 ANN00
15 5B4C35
34 3BOQK
25 BLO00
11 2696683
12 1692668
13 CA878B
12 172BBA8
24 EM1I0
11 28A9074
23 J2G9G
8 24717100
16 54AFB0
19 24E16H
4 111110233300
23 K48C4
21 18239H
10 5670000
20 1FF000
26 CE08G
34 4BJA8
35 3Y0AP
6 342334024
7 104501441
22 1536AK
36 3SYK0
36 3U14W
24 K3ME0
25 H5I00
36 43GN4
4 122220012200
33 5U238
17 4GF1EE
24 L8L0G
15 97C350
27 DIN7H
19 2IEGBD
29 AE6O2
30 9DL3A
31 8H5IM
7 125564106
20 2ACA00
24 10E6G0
25 KOK00
17 5DF456
32 7TJ7G
32 7UGH0
12 2A24928
12 2B1B7A8
32 8FJD0
30 B97NA
14 1344C00
7 143103466
18 5006C0
3 200111102020002
10 10010000
7 153016141
5 10112120000
34 7PSK0
29 EK09P
34 7TDNM
5 10203200000
18 5BD4H6
4 220321030000
29 F7NON
3 202202220000220
15 E8A000
7 201235430
22 2649BA
25 153N00
22 26HCH2
4 231200212100
19 4FG2H0
23 1K733C
8 56331420
33 ABND7
6 1122344332
34 9DADM
26 11EN1A
12 42BB900
14 19848C8
16 C2DAD0
7 214065255
9 26458717
25 18L200
34 A0N1I
25 197F00
10 13430000
11 7663774
15 12C3D50
24 1GK478
32 CVUHG
34 A9SFQ
26 142N0K
11 78696A4
14 1C1DC9A
29 JPE5H
9 28642657
22 2H5EGG
3 1000022200200210
28 NHCBC
13 302588A
19 5H39BD
22 2IGBJI
22 2IK6C0
14 1D5D516
20 4C7A00
10 14860000
36 8XPSG
18 7HA064
3 1001101010212112
36 90ADS
6 1300414520
8 72434360
10 15550000
12 5399994
19 685I27
16 F47220
25 1G0700
13 342340C
7 253634634
10 16110000
20 516500
26 19HP5I
35 AVBWU
17 BAB808
21 413309
28 R3NE8
21 41H3GJ
10 16770000
21 42JJE2
12 5868828
33 EEM0U
10 17220000
4 1001303123100
7 301103220
20 590000
20 591500
4 1002330222300
27 1613LA
34 D82Q4
2 1000011110010011000010000
14 2529160
29 P9A26
19 75DI1I
6 1445122024
36 AW0NK
27 17G893
19 787IC0
10 18450000
6 1500304052
3 1022002000021101
4 1013130300100
13 3B66499
30 N84DA
31 KCMUG
13 3BA4583
8 110062040
23 2LEJBB
21 4DA643
32 IB520
8 111615340
33 GKOBP
5 20033220000
10 19950000
20 65G500
9 41821538
2 1001100111001111000000000
36 C5O68
21 5033IB
29 SRKRQ
35 DOAHU
27 1BP498
22 40FBJA
20 6A0000
16 13DD730
27 1C57AD
5 20313340000
17 EBEF91
31 MK6UM
14 2AD86AC
18 B2CEFA
35 E6BF0
28 16L0P4
27 1D8KBJ
32 KE9G0
25 25G900
30 QR13A
29 11OJ8N
33 IHTRL
32 KVVT0
19 8HF7HG
9 45610071
27 1F2044
20 70IF00
14 2DDAC12
3 1120122202101122
20 721500
27 1FMMF9
12 7776540
19 9495F4
26 1OGEK0
28 1A1QQ8
30 SR13A
13 4B14709
32 MCREG
12 7A88068
23 3GBI6I
2 1011011010100101110100000
15 21B996A
32 N4L5G
34 I5PFM
10 24430000
10 24440000
20 7DHA00
4 1132232000300
17 108B0CG
3 1202000121211120
21 62BA74
12 8470B54
19 A289D0
35 GQCFP
32 O991G
25 2FBC00
15 23CCBA0
4 1202103200100
27 1M1D8F
6 2331111012
7 435345350
14 37237D6
6 2342525412
15 24DCBA0
29 18K3AA
33 MKSFB
8 150624260
15 2648D50
9 57067735
30 145GK0
26 29D8LM
13 5AA34B5
16 1B02100
12 9640154
8 154511000
24 3E15N8
10 28580000
24 3E3A18
9 58745478
28 1II0OG
36 H2HWW
34 LG6XM
36 H3528
27 2044JP
32 RP910
3 2000211222021122
36 HD000
8 157240140
12 9938440
23 4C9D6I
31 10NQLJ
15 289E3D5
34 M3S9M
9 61584116
26 2CJE4O
16 1C4BA70
36 HNXIO
35 JSEDK
25 314000
36 HS7U8
15 29602BA
6 2550210000
27 22AH30
12 A082580
8 163101240
23 4FK6LG
3 2010012110221221
10 30480000
4 1310103312100
8 164516440
4 1310320132000
16 1D3FCB0
32 TB0QG
29 1EM0CB
24 3L9I20
33 Q9BJF
3 2011222202010010
15 2B43D50
6 3040444024
9 65271272
30 18RNA0
35 L67U0
10 31840000
23 4LM0CH
16 1E6C160
28 1O2528
22 656664
27 26EAPD
19 CIHC54
22 6583D6
28 1OH600
14 4499088
5 31324300000
29 1H9IF0
32 V81UG
35 M43UP
31 14TNNA
26 2KJ5FE
30 1B97NA
22 6B4I40
34 P64XU
12 B348640
27 29CHN7
20 AAHA00
5 32130030000
30 1BP5GK
14 473445A
19 DE0H46
18 1009G5E
7 563005135
31 160A3K
21 87HJ09
28 1RP6EO
34 POFSC
31 16DNAR
19 DI8036
29 1K0FL7
3 2102020221000110
22 6G0KJE
29 1K8LFN
11 18856615
14 492C880
35 NH5HU
30 1E3A00
20 B3DF00
13 7572924
34 QU5AO
8 211106660
16 22502E0
11 1939A459
30 1EM6K0
29 1MA5JN
11 19584896
22 71F156
28 23AK3C
17 18F233G
22 734J0K
26 32KFA0
6 3401012144
21 92FBH6
35 OTXYA
7 633255554
36 MB41C
12 1067B728
22 765BLE
16 2402C00
25 3MKB00
12 10A78628
4 2103012010000
20 C17A00
13 8039057
9 81210174
17 1A71EF0
17 1AA7ECA
5 40022000000
12 111A3594
12 11217BA8
8 226534340
18 12GGHB6
29 1QRD3M
27 2L1321
31 1CAB3N
16 2669FC0
15 38237BA
12 11662940
33 114MTN
21 9JI2HF
9 84710714
31 1D76OT
16 26FEE90
31 1DK9JI
10 41340000
3 2212212211101222
36 OQ4R4
14 57558D2
6 4045044400
24 55FIB8
26 3DCL2O
6 4053230332
14 57C2568
18 142H14C
16 27F57E0
4 2200100112100
21 A86H3G
7 1024404216
16 289B820
26 3F4G48
6 4132440520
36 PMXB4
27 30JCKE
3 10000201222110220
15 3C311A0
2 10100101110100110010110000
7 1035326460
12 126B8914
14 5B8A784
30 1OHC6K
32 1A5FJ0
33 14D3ED
20 DH8F00
23 6L09ME
11 23155059
28 2GHELK
21 AJJHIH
13 938BCC1
29 25D516
3 10010222212120222
18 15GC10C
24 5G970G
11 2363808A
19 I79H58
18 16253FE
15 404A585
8 256673200
15 4096735
3 10012200002102221
19 IBH048
17 1F92AA1
25 4I6K00
27 366MIB
10 46420000
34 10P1O4
8 261445760
18 16B99CC
34 10V5AW
16 2CB2DF0
30 1S0000
25 4LIL00
5 44141200000
29 29IRG0
23 7B742H
36 SQT34
4 2320130030300
5 44344230000
31 1LGAKM
32 1ECVH0
24 632JE0
17 206CG93
33 187574
2 10111010100010011110100000
2 10111010100100111010110000
11 25676897
18 17G7120
4 2322331111100
23 7EIGFA
17 20B7606
7 1135646424
22 9CDG36
33 18K7QI
9 112806815
26 442GO0
32 1F4FFG
10 49530000
8 275176420
16 2F4FD10
10 49630000
24 65HI00
34 137912
6 4535101132
24 662A80
10 50190000
16 2FFD280
20 FF3F00
16 3024380
3 10112022021201221
15 46C7085
13 A69C44B
6 5020402304
6 5021153224
13 A77A590
35 Y2ALF
2 11000011000101010110100000
36 UMYSG
28 2RO8FC
33 1AIH0I
8 305532740
16 3175220
11 27308776
31 1P74E9
14 6C84304
27 3GKMJC
15 4875585
20 G53F00
36 V26MO
15 48B496A
10 52270000
17 22E547E
17 22GE01D
4 3021103103100
22 A55IK8
24 6F2H78
19 126H97A
9 120548022
13 AC9433B
34 15OGWG
15 4A20B1A
6 5142104544
11 28101657
15 4A9E3D5
32 1J9R20
30 26HNA0
21 D53EFA
20 GI3F00
25 5DK200
35 118S5P
34 16OSQC
5 102414040000
27 3LHBEA
10 54560000
13 B485291
6 5235224520
15 4CE1CBA
2 11010011011010010001100000
33 1DODTW
16 34EB5D0
3 10212110012101221
21 DCGAFE
5 103230210000
19 139AC0B
10 55770000
15 4D793D5
25 5I1800
13 B798858
6 5322344304
33 1EK2O3
26 4JGFMO
12 16B60500
21 DI8489
23 8J46IL
16 3660E60
9 128287147
17 263D47D
7 1263010353
19 141FI10
34 18R2AS
26 4L8AO8
36 Y87KG
31 2083FM
10 57590000
14 7A05680
21 E5I7II
3 11001212112000121
17 272G0C9
15 5205585
32 1NTHK0
20 I75000
4 3200133223100
21 E8CCEK
21 E8GJ8F
13 C306739
26 4P5I1M
7 1315266235
30 2D7NA0
6 5522115252
2 11100011001111011101010000
5 110231130000
16 3942340
25 63OF00
14 7DCB1BA
33 1HUWU2
3 11012200122122210
16 399EFA0
23 98LG97
15 54A0DD5
30 2ENA00
15 54E02BA
31 23MGBG
28 3FERK0
2 11101001011111110110010000
19 15DD0EI
18 1E7A216
11 316620A2
4 3222010132000
9 137528105
23 9DCGM6
2 11101011100001001111100000
30 2G713A
34 1CDF7E
23 9EK395
27 48OE93
8 356257200
32 1RTDDG
36 11GT3K
5 112133230000
20 JF2A00
23 9J59EG
4 3302123020300
18 1FC7B8C
21 FDCKD7
3 11110110112221010
32 1T2B20
13 103AA01B
36 12E8SW
2 11110110000101100000110000
3 11111110222200010
17 2B8FFDG
29 34OEB0
19 174D2D6
28 3LLPIO
35 18DT6F
34 1ET584
2 11111001001011010001000000
34 1EX7M0
2 11111001111001101001110000
30 2KSQK0
33 1MCC10
6 10305130052
4 3322332000300
29 361LS5
26 5EB33E
16 3F07410
14 8B3473A
27 4H41F9
2 11111101110111100011110000
20 10G0000
2 11111110011110100111110000
5 114040020000
5 114040330000
8 377031740
36 13UBSW
26 5GPHNE
13 10C0BA86
24 8AG02G
8 400634300
18 1HCCGD6
24 8B98IG
8 402157020
12 1A861A94
25 6NEL00
26 5IGO48
33 1O9QMU
23 ACJDIE
28 3QGL54
32 20URE0
36 14L4B4
34 1H4PM0
5 120012330000
11 35737078
19 18CBGD3
2 100000101100100101110010000
36 14TWO0
33 1OSEUV
25 70H800
36 14X4EO
9 153340880
36 14ZP00
11 35997115
30 2P7NA0
13 11518C35
17 2EG8440
28 418N80
16 4271470
19 192E71E
2 100001010011101001110010000
16 429D390
36 15L4LS
33 1PVBGS
10 69940000
2 100001011101011010110010000
14 946BB32
20 11IIF00
10 70500000
32 2390FG
24 8KG400
20 121A000
27 4OONN8
20 121F000
17 2G26231
18 21D56AC
29 3DR414
36 16KPGW
26 60FBPI
19 19I666G
3 12000102221222221
13 11C1036C
14 9804316
9 160601541
25 79N900
21 HECEBC
12 20272094
7 1536434116
18 2261248
13 12084364
16 45661D0
28 46F1IO
9 162307410
28 4707G0
3 12002200102101000
34 1KV85E
18 22G4ACG
31 2HJGE2
21 I0DD2E
3 12010122022221220
5 122342240000
26 65JJ2O
28 48CA0G
10 74060000
23 BBEM00
11 38904A06
7 1560156521
18 234GB3E
9 164582626
25 7F6C00
23 BCFI4G
12 20B91614
21 I5IG12
6 11224352424
23 BE6HJL
14 9D39CC0
14 9D4A6D2
10 74990000
22 EC7772
22 ECID5E
31 2JCI09
31 2JE816
2 100011111001101010110010000
10 75550000
35 1FHWJA
7 1611211052
21 ICJED4
23 BJFK72
3 12022220002010020
31 2KS7D0
21 IG0A3D
5 124112230000
2 100100101001111000101110000
5 124204120000
2 100100110000111001111100000
11 3A65A051
26 6D0G96
32 29OH3G
28 4DQM00
31 2LQDMG
36 1A5B3K
35 1GN9RU
35 1GNHXK
35 1GO7FP
13 130C8457
7 1632045665
8 450246600
20 145F000
18 252D600
2 100101001111011011000100000
10 78190000
20 148HA00
10 78420000
23 C4IA9H
8 453722540
28 4FPCH4
5 130122210000
24 9L6AG0
32 2BDKAG
32 2BEHK0
2 100101101110110110110010000
34 1PB3AO
18 26069D2
21 J9H9GA
23 C8F506
33 21ACPU
10 79950000
10 80230000
12 22A66914
32 2CKMAG
11 41486368
10 80660000
17 36170E1
17 36170E1
30 3A1PGK
15 71B5B1A
31 2PRK33
30 3A713A
15 7214C35
28 4KA7E8
2 100110110011001101110010000
12 23354940
29 3SAAD8
27 5IIKO5
27 5IJL8P
12 23465040
13 13C98555
16 4E66CD0
22 FL7372
25 8AIC00
31 2R98QI
18 27BHE8G
17 37319CD
31 2RFA51
20 15GCA00
24 A97J2G
27 5KO5ME
9 183108388
26 6PEGHM
5 132222310000
29 41D17M
19 1EB3CF8
17 37DECFG
12 23B88AA8
30 3DEODA
32 2G03QG
26 71IAA4
12 2418A314
33 24UFWT
5 133030020000
29 4325JR
3 12220002002002010
30 3EH13A
2 101000011100110011100110000
24 AFLBK0
19 1F5G3AC
7 2051400365
7 2053050230
7 2053420163
8 506212620
3 12221222220020220
35 1M271F
30 3FRNA0
34 1UCJQ0
35 1MBYVF
15 7862085
14 B6349C4
35 1MIQM5
9 200476067
27 60O5J8
22 GHELDE
8 512426220
8 512706040
13 14CCBAAC
17 3A72EC0
32 2J6UR0
7 2111025543
35 1NCNUP
2 101001110011110010000000000
4 11033002313300
7 2114540414
21 10C6A65
29 49BPJK
27 64OP6F
8 522364620
26 7CEFHA
2 101010011010001110111100000
30 3K0000
5 140311110000
9 205683466
35 1OEINK
24 B4LNK0
3 20020002221102220
30 3KBPGK
24 B5GJ58
32 2LAMQ0
10 89500000
13 15818588
19 1H7421C
6 12542444400
5 141103240000
23 E102D0
4 11121300322000
5 141211330000
33 2AJOW9
4 11123031223200
3 20100120221011102
26 7HGFG4
6 13015445412
9 210628418
13 15BA8023
31 35QAOM
20 18B7A00
35 1Q8VPP
22 HIB97A
24 BD8CMG
22 HIIKDI
19 1I3C2I2
8 537507040
7 2200311025
28 5A5F2O
22 HK5K9I
34 2155F6
11 48205065
12 26B651A8
3 20102222110021110
35 1QPWMU
25 9C5600
33 2C4MDR
27 6CHK2L
3 20110202210102000
15 8276735
20 1938F00
3 20111200011211210
4 11210020332000
10 93440000
34 220MUS
31 38BHB0
27 6E4O5L
35 1RIFW5
30 3PRC6K
34 2292CO
20 197HA00
27 6F8A70
8 547422020
24 BKBNCG
18 2E23CEC
21 124EI7E
32 2QHKJG
34 233AJQ
34 237LLQ
16 5B02570
12 27B67594
2 101101100001110100011000000
27 6I42FP
34 23QX2O
12 281784A8
11 4A329A75
26 82D9I0
17 3GD0D30
5 144114140000
26 82K55A
35 1T6QPP
8 557453100
4 11300103301300
18 2F2E160
15 875AB1A
10 96940000
30 3TMSQK
8 562225660
21 12G7KFJ
2 101110010100001011000010000
4 11302223021100
7 2263106222
32 2T5RTG
19 21916BG
16 5D3B300
12 28953114
29 4MD9KG
28 5J9FD4
18 2FF6776
24 C789CG
4 11312223133200
21 131J2C2
18 2G1GCG0
8 567504160
9 225370418
35 1UPMFP
11 5075A229
21 1335431
19 21G579A
3 20220000121102111
20 1AIA000
36 1MY4LS
11 51015A71
31 3EIS3E
22 J6AIC0
4 11323133013000
8 573463360
21 138EDG5
7 2322363263
